
> angular@0.0.0 start
> ng serve --host 0.0.0.0  --no-hmr --disable-host-check --port 3000

Warning: Running a server with --disable-host-check is a security risk. See https://medium.com/webpack/webpack-dev-server-middleware-security-issues-1489d950874a for more information.
The "disableHostCheck" option will not be used because it is not supported by the "@angular-devkit/build-angular:application" builder.
❯ Building...
✔ Building...
Browser bundles     
Initial chunk files  | Names            |  Raw size
polyfills.js         | polyfills        |  90.20 kB | 
main.js              | main             |  22.59 kB | 
styles.css           | styles           |  95 bytes | 

                     | Initial total    | 112.88 kB


Server bundles      
Initial chunk files  | Names            |  Raw size
polyfills.server.mjs | polyfills.server | 572.91 kB | 
chunk-6XEG6CM6.mjs   | -                |  23.02 kB | 
server.mjs           | server           |   1.39 kB | 
main.server.mjs      | main.server      | 800 bytes | 

Application bundle generation complete. [3.365 seconds]

Watch mode enabled. Watching for file changes...
NOTE: Raw file sizes do not reflect development server per-request transformations.
  ➜  Local:   http://localhost:3000/
  ➜  Network: http://172.17.0.2:3000/
❯ Changes detected. Rebuilding...
✔ Changes detected. Rebuilding...
Application bundle generation failed. [0.709 seconds]

▲ [WARNING] TS-998113: RouterOutlet is not used within the template of AppComponent [plugin angular-compiler]

    src/app/app.component.ts:11:26:
      11 │   imports: [CommonModule, RouterOutlet, NoteListComponent, NoteEdi...
         ╵                           ~~~~~~~~~~~~


✘ [ERROR] NG5: Argument of type 'Event' is not assignable to parameter of type 'Note'.
  Type 'Event' is missing the following properties from type 'Note': id, title, content, categories, and 2 more. [plugin angular-compiler]

    src/app/app.component.ts:21:33:
      21 │           (editNote)="showEditor($event)"
         ╵                                  ~~~~~~


❯ Changes detected. Rebuilding...
✔ Changes detected. Rebuilding...
Application bundle generation failed. [0.369 seconds]

▲ [WARNING] TS-998113: RouterOutlet is not used within the template of AppComponent [plugin angular-compiler]

    src/app/app.component.ts:11:26:
      11 │   imports: [CommonModule, RouterOutlet, NoteListComponent, NoteEdi...
         ╵                           ~~~~~~~~~~~~


✘ [ERROR] NG5: Argument of type 'Event' is not assignable to parameter of type 'Note'.
  Type 'Event' is missing the following properties from type 'Note': id, title, content, categories, and 2 more. [plugin angular-compiler]

    src/app/app.component.ts:21:33:
      21 │           (editNote)="showEditor($event)"
         ╵                                  ~~~~~~


❯ Changes detected. Rebuilding...
✔ Changes detected. Rebuilding...
Application bundle generation failed. [0.005 seconds]

▲ [WARNING] TS-998113: RouterOutlet is not used within the template of AppComponent [plugin angular-compiler]

    src/app/app.component.ts:11:26:
      11 │   imports: [CommonModule, RouterOutlet, NoteListComponent, NoteEdi...
         ╵                           ~~~~~~~~~~~~


✘ [ERROR] NG5: Argument of type 'Event' is not assignable to parameter of type 'Note'.
  Type 'Event' is missing the following properties from type 'Note': id, title, content, categories, and 2 more. [plugin angular-compiler]

    src/app/app.component.ts:21:33:
      21 │           (editNote)="showEditor($event)"
         ╵                                  ~~~~~~


❯ Changes detected. Rebuilding...
✔ Changes detected. Rebuilding...
Application bundle generation failed. [0.237 seconds]

▲ [WARNING] TS-998113: RouterOutlet is not used within the template of AppComponent [plugin angular-compiler]

    src/app/app.component.ts:11:26:
      11 │   imports: [CommonModule, RouterOutlet, NoteListComponent, NoteEdi...
         ╵                           ~~~~~~~~~~~~


✘ [ERROR] NG5: Argument of type 'Event' is not assignable to parameter of type 'Note'.
  Type 'Event' is missing the following properties from type 'Note': id, title, content, categories, and 2 more. [plugin angular-compiler]

    src/app/app.component.ts:21:33:
      21 │           (editNote)="showEditor($event)"
         ╵                                  ~~~~~~


❯ Changes detected. Rebuilding...
✔ Changes detected. Rebuilding...
Application bundle generation failed. [0.234 seconds]

▲ [WARNING] TS-998113: RouterOutlet is not used within the template of AppComponent [plugin angular-compiler]

    src/app/app.component.ts:11:26:
      11 │   imports: [CommonModule, RouterOutlet, NoteListComponent, NoteEdi...
         ╵                           ~~~~~~~~~~~~


✘ [ERROR] NG5: Argument of type 'Event' is not assignable to parameter of type 'Note'.
  Type 'Event' is missing the following properties from type 'Note': id, title, content, categories, and 2 more. [plugin angular-compiler]

    src/app/app.component.ts:21:33:
      21 │           (editNote)="showEditor($event)"
         ╵                                  ~~~~~~


❯ Changes detected. Rebuilding...
✔ Changes detected. Rebuilding...
Application bundle generation failed. [0.346 seconds]

▲ [WARNING] TS-998113: RouterOutlet is not used within the template of AppComponent [plugin angular-compiler]

    src/app/app.component.ts:11:26:
      11 │   imports: [CommonModule, RouterOutlet, NoteListComponent, NoteEdi...
         ╵                           ~~~~~~~~~~~~


✘ [ERROR] NG5: Argument of type 'Event' is not assignable to parameter of type 'Note'.
  Type 'Event' is missing the following properties from type 'Note': id, title, content, categories, and 2 more. [plugin angular-compiler]

    src/app/app.component.ts:21:33:
      21 │           (editNote)="showEditor($event)"
         ╵                                  ~~~~~~


❯ Changes detected. Rebuilding...
✔ Changes detected. Rebuilding...
Application bundle generation failed. [0.217 seconds]

▲ [WARNING] TS-998113: RouterOutlet is not used within the template of AppComponent [plugin angular-compiler]

    src/app/app.component.ts:11:26:
      11 │   imports: [CommonModule, RouterOutlet, NoteListComponent, NoteEdi...
         ╵                           ~~~~~~~~~~~~


✘ [ERROR] NG5: Argument of type 'Event' is not assignable to parameter of type 'Note'.
  Type 'Event' is missing the following properties from type 'Note': id, title, content, categories, and 2 more. [plugin angular-compiler]

    src/app/app.component.ts:21:33:
      21 │           (editNote)="showEditor($event)"
         ╵                                  ~~~~~~


❯ Changes detected. Rebuilding...
✔ Changes detected. Rebuilding...
Application bundle generation failed. [0.242 seconds]

▲ [WARNING] TS-998113: RouterOutlet is not used within the template of AppComponent [plugin angular-compiler]

    src/app/app.component.ts:11:26:
      11 │   imports: [CommonModule, RouterOutlet, NoteListComponent, NoteEdi...
         ╵                           ~~~~~~~~~~~~


✘ [ERROR] NG5: Argument of type 'Event' is not assignable to parameter of type 'Note'.
  Type 'Event' is missing the following properties from type 'Note': id, title, content, categories, and 2 more. [plugin angular-compiler]

    src/app/app.component.ts:21:33:
      21 │           (editNote)="showEditor($event)"
         ╵                                  ~~~~~~


❯ Changes detected. Rebuilding...
✔ Changes detected. Rebuilding...
Application bundle generation failed. [0.247 seconds]

▲ [WARNING] TS-998113: RouterOutlet is not used within the template of AppComponent [plugin angular-compiler]

    src/app/app.component.ts:11:26:
      11 │   imports: [CommonModule, RouterOutlet, NoteListComponent, NoteEdi...
         ╵                           ~~~~~~~~~~~~


✘ [ERROR] NG5: Argument of type 'Event' is not assignable to parameter of type 'Note'.
  Type 'Event' is missing the following properties from type 'Note': id, title, content, categories, and 2 more. [plugin angular-compiler]

    src/app/app.component.ts:21:33:
      21 │           (editNote)="showEditor($event)"
         ╵                                  ~~~~~~


❯ Changes detected. Rebuilding...
✔ Changes detected. Rebuilding...
Application bundle generation failed. [0.192 seconds]

▲ [WARNING] TS-998113: RouterOutlet is not used within the template of AppComponent [plugin angular-compiler]

    src/app/app.component.ts:11:26:
      11 │   imports: [CommonModule, RouterOutlet, NoteListComponent, NoteEdi...
         ╵                           ~~~~~~~~~~~~


✘ [ERROR] NG5: Argument of type 'Event' is not assignable to parameter of type 'Note'.
  Type 'Event' is missing the following properties from type 'Note': id, title, content, categories, and 2 more. [plugin angular-compiler]

    src/app/app.component.ts:21:33:
      21 │           (editNote)="showEditor($event)"
         ╵                                  ~~~~~~


❯ Changes detected. Rebuilding...
✔ Changes detected. Rebuilding...
Application bundle generation failed. [0.207 seconds]

✘ [ERROR] TS-991010: 'imports' must be an array of components, directives, pipes, or NgModules.
  Value is of type '[CommonModule, (not statically analyzable), NoteListComponent, NoteEditorComponent]'. [plugin angular-compiler]

    src/app/app.component.ts:11:11:
      11 │   imports: [CommonModule, RouterOutlet, NoteListComponent, NoteEdi...
         ╵            ~~~~~~~~~~~~~~~~~~~~~~~~~~~~~~~~~~~~~~~~~~~~~~~~~~~~~~~


✘ [ERROR] TS2304: Cannot find name 'RouterOutlet'. [plugin angular-compiler]

    src/app/app.component.ts:11:26:
      11 │   imports: [CommonModule, RouterOutlet, NoteListComponent, NoteEdi...
         ╵                           ~~~~~~~~~~~~


❯ Changes detected. Rebuilding...
✔ Changes detected. Rebuilding...
Browser bundles     
Initial chunk files  | Names            |  Raw size
polyfills.js         | polyfills        |  90.20 kB | 
main.js              | main             |  25.22 kB | 
styles.css           | styles           | 604 bytes | 

                     | Initial total    | 116.02 kB


Server bundles      
Initial chunk files  | Names            |  Raw size
polyfills.server.mjs | polyfills.server | 572.91 kB | 
chunk-7TWDVBM3.mjs   | -                |  25.65 kB | 
server.mjs           | server           |   1.39 kB | 
main.server.mjs      | main.server      | 800 bytes | 

Application bundle generation complete. [0.180 seconds]

11:15:30 AM [vite] (ssr) ✨ new dependencies optimized: @angular/forms, rxjs
11:15:30 AM [vite] (ssr) ✨ optimized dependencies changed. reloading
Page reload sent to client(s).
❯ Changes detected. Rebuilding...
✔ Changes detected. Rebuilding...
Browser bundles    
Initial chunk files | Names       |  Raw size
main.js             | main        |  25.43 kB | 


Server bundles     
Initial chunk files | Names       |  Raw size
chunk-M2YORSBV.mjs  | -           |  25.86 kB | 
server.mjs          | server      |   1.39 kB | 
main.server.mjs     | main.server | 800 bytes | 

Application bundle generation complete. [0.236 seconds]

Page reload sent to client(s).
❯ Changes detected. Rebuilding...
✔ Changes detected. Rebuilding...
Server bundles     
Initial chunk files | Names       |  Raw size
chunk-VR6MGLEY.mjs  | -           |  25.86 kB | 
server.mjs          | server      |   1.39 kB | 
main.server.mjs     | main.server | 800 bytes | 

Application bundle generation complete. [0.373 seconds]

Page reload sent to client(s).
❯ Changes detected. Rebuilding...
✔ Changes detected. Rebuilding...
Browser bundles    
Initial chunk files | Names       |  Raw size
main.js             | main        |  25.52 kB | 


Server bundles     
Initial chunk files | Names       |  Raw size
chunk-HFWUCSYA.mjs  | -           |  25.96 kB | 
server.mjs          | server      |   1.39 kB | 
main.server.mjs     | main.server | 800 bytes | 

Application bundle generation complete. [0.171 seconds]

Page reload sent to client(s).
❯ Changes detected. Rebuilding...
✔ Changes detected. Rebuilding...
Browser bundles    
Initial chunk files | Names       |  Raw size
main.js             | main        |  25.74 kB | 


Server bundles     
Initial chunk files | Names       |  Raw size
chunk-S53QP6S4.mjs  | -           |  26.18 kB | 
server.mjs          | server      |   1.39 kB | 
main.server.mjs     | main.server | 800 bytes | 

Application bundle generation complete. [0.162 seconds]

Page reload sent to client(s).
❯ Changes detected. Rebuilding...
✔ Changes detected. Rebuilding...
Server bundles     
Initial chunk files | Names       |  Raw size
chunk-NXILPNTH.mjs  | -           |  26.18 kB | 
server.mjs          | server      |   1.39 kB | 
main.server.mjs     | main.server | 800 bytes | 

Application bundle generation complete. [0.219 seconds]

Page reload sent to client(s).
❯ Changes detected. Rebuilding...
✔ Changes detected. Rebuilding...
Browser bundles    
Initial chunk files | Names       |  Raw size
main.js             | main        |  25.74 kB | 


Server bundles     
Initial chunk files | Names       |  Raw size
chunk-I7VBIIFA.mjs  | -           |  26.18 kB | 
server.mjs          | server      |   1.39 kB | 
main.server.mjs     | main.server | 800 bytes | 

Application bundle generation complete. [0.355 seconds]

Page reload sent to client(s).
❯ Changes detected. Rebuilding...
✔ Changes detected. Rebuilding...
Browser bundles    
Initial chunk files | Names       |  Raw size
main.js             | main        |  26.51 kB | 


Server bundles     
Initial chunk files | Names       |  Raw size
chunk-QFE4TTXN.mjs  | -           |  26.94 kB | 
server.mjs          | server      |   1.39 kB | 
main.server.mjs     | main.server | 800 bytes | 

Application bundle generation complete. [0.263 seconds]

Page reload sent to client(s).
❯ Changes detected. Rebuilding...
✔ Changes detected. Rebuilding...
Browser bundles    
Initial chunk files | Names       |  Raw size
main.js             | main        |  26.52 kB | 


Server bundles     
Initial chunk files | Names       |  Raw size
chunk-5JFLJR6Z.mjs  | -           |  26.96 kB | 
server.mjs          | server      |   1.39 kB | 
main.server.mjs     | main.server | 800 bytes | 

Application bundle generation complete. [0.156 seconds]

Page reload sent to client(s).
❯ Changes detected. Rebuilding...
✔ Changes detected. Rebuilding...
Browser bundles    
Initial chunk files | Names       |  Raw size
main.js             | main        |  26.52 kB | 


Server bundles     
Initial chunk files | Names       |  Raw size
chunk-6Q7CJRGJ.mjs  | -           |  26.96 kB | 
server.mjs          | server      |   1.39 kB | 
main.server.mjs     | main.server | 800 bytes | 

Application bundle generation complete. [0.246 seconds]

Page reload sent to client(s).
❯ Changes detected. Rebuilding...
✔ Changes detected. Rebuilding...
Application bundle generation failed. [0.214 seconds]

✘ [ERROR] TS2339: Property 'dialogService' does not exist on type 'NoteEditorComponent'. [plugin angular-compiler]

    src/app/components/note-editor/note-editor.component.ts:113:11:
      113 │       this.dialogService.alert('Please fill in both title and con...
          ╵            ~~~~~~~~~~~~~


❯ Changes detected. Rebuilding...
✔ Changes detected. Rebuilding...
Application bundle generation failed. [0.152 seconds]

✘ [ERROR] TS2339: Property 'dialogService' does not exist on type 'NoteEditorComponent'. [plugin angular-compiler]

    src/app/components/note-editor/note-editor.component.ts:113:11:
      113 │       this.dialogService.alert('Please fill in both title and con...
          ╵            ~~~~~~~~~~~~~


✘ [ERROR] TS2339: Property 'dialogService' does not exist on type 'NoteEditorComponent'. [plugin angular-compiler]

    src/app/components/note-editor/note-editor.component.ts:126:11:
      126 │       this.dialogService.alert('Failed to save note. Please try a...
          ╵            ~~~~~~~~~~~~~


❯ Changes detected. Rebuilding...
✔ Changes detected. Rebuilding...
Application bundle generation failed. [0.072 seconds]

✘ [ERROR] TS2339: Property 'dialogService' does not exist on type 'NoteEditorComponent'. [plugin angular-compiler]

    src/app/components/note-editor/note-editor.component.ts:113:11:
      113 │       this.dialogService.alert('Please fill in both title and con...
          ╵            ~~~~~~~~~~~~~


✘ [ERROR] TS2339: Property 'dialogService' does not exist on type 'NoteEditorComponent'. [plugin angular-compiler]

    src/app/components/note-editor/note-editor.component.ts:126:11:
      126 │       this.dialogService.alert('Failed to save note. Please try a...
          ╵            ~~~~~~~~~~~~~


❯ Changes detected. Rebuilding...
✔ Changes detected. Rebuilding...
Application bundle generation failed. [0.092 seconds]

✘ [ERROR] TS2339: Property 'dialogService' does not exist on type 'NoteEditorComponent'. [plugin angular-compiler]

    src/app/components/note-editor/note-editor.component.ts:113:11:
      113 │       this.dialogService.alert('Please fill in both title and con...
          ╵            ~~~~~~~~~~~~~


✘ [ERROR] TS2339: Property 'dialogService' does not exist on type 'NoteEditorComponent'. [plugin angular-compiler]

    src/app/components/note-editor/note-editor.component.ts:126:11:
      126 │       this.dialogService.alert('Failed to save note. Please try a...
          ╵            ~~~~~~~~~~~~~


❯ Changes detected. Rebuilding...
✔ Changes detected. Rebuilding...
Application bundle generation failed. [0.293 seconds]

▲ [WARNING] Duplicate member "notes" in class body [duplicate-class-member]

    src/app/components/note-list/note-list.component.ts:50:4:
      50 │     notes = [];
         ╵     ~~~~~

  The original member "notes" is here:

    src/app/components/note-list/note-list.component.ts:47:4:
      47 │     notes = [];
         ╵     ~~~~~


▲ [WARNING] Duplicate member "filteredNotes" in class body [duplicate-class-member]

    src/app/components/note-list/note-list.component.ts:51:4:
      51 │     filteredNotes = [];
         ╵     ~~~~~~~~~~~~~

  The original member "filteredNotes" is here:

    src/app/components/note-list/note-list.component.ts:48:4:
      48 │     filteredNotes = [];
         ╵     ~~~~~~~~~~~~~


▲ [WARNING] Duplicate member "searchQuery" in class body [duplicate-class-member]

    src/app/components/note-list/note-list.component.ts:52:4:
      52 │     searchQuery = '';
         ╵     ~~~~~~~~~~~

  The original member "searchQuery" is here:

    src/app/components/note-list/note-list.component.ts:49:4:
      49 │     searchQuery = '';
         ╵     ~~~~~~~~~~~


▲ [WARNING] Duplicate member "notes" in class body [duplicate-class-member]

    src/app/components/note-list/note-list.component.ts:50:4:
      50 │     notes = [];
         ╵     ~~~~~

  The original member "notes" is here:

    src/app/components/note-list/note-list.component.ts:47:4:
      47 │     notes = [];
         ╵     ~~~~~


▲ [WARNING] Duplicate member "filteredNotes" in class body [duplicate-class-member]

    src/app/components/note-list/note-list.component.ts:51:4:
      51 │     filteredNotes = [];
         ╵     ~~~~~~~~~~~~~

  The original member "filteredNotes" is here:

    src/app/components/note-list/note-list.component.ts:48:4:
      48 │     filteredNotes = [];
         ╵     ~~~~~~~~~~~~~


▲ [WARNING] Duplicate member "searchQuery" in class body [duplicate-class-member]

    src/app/components/note-list/note-list.component.ts:52:4:
      52 │     searchQuery = '';
         ╵     ~~~~~~~~~~~

  The original member "searchQuery" is here:

    src/app/components/note-list/note-list.component.ts:49:4:
      49 │     searchQuery = '';
         ╵     ~~~~~~~~~~~


✘ [ERROR] TS2339: Property 'dialogService' does not exist on type 'NoteEditorComponent'. [plugin angular-compiler]

    src/app/components/note-editor/note-editor.component.ts:113:11:
      113 │       this.dialogService.alert('Please fill in both title and con...
          ╵            ~~~~~~~~~~~~~


✘ [ERROR] TS2339: Property 'dialogService' does not exist on type 'NoteEditorComponent'. [plugin angular-compiler]

    src/app/components/note-editor/note-editor.component.ts:126:11:
      126 │       this.dialogService.alert('Failed to save note. Please try a...
          ╵            ~~~~~~~~~~~~~


✘ [ERROR] TS2300: Duplicate identifier 'notes'. [plugin angular-compiler]

    src/app/components/note-list/note-list.component.ts:49:2:
      49 │   notes: Note[] = [];
         ╵   ~~~~~


✘ [ERROR] TS2300: Duplicate identifier 'filteredNotes'. [plugin angular-compiler]

    src/app/components/note-list/note-list.component.ts:50:2:
      50 │   filteredNotes: Note[] = [];
         ╵   ~~~~~~~~~~~~~


✘ [ERROR] TS2300: Duplicate identifier 'searchQuery'. [plugin angular-compiler]

    src/app/components/note-list/note-list.component.ts:51:2:
      51 │   searchQuery: string = '';
         ╵   ~~~~~~~~~~~


❯ Changes detected. Rebuilding...
✔ Changes detected. Rebuilding...
Application bundle generation failed. [0.112 seconds]

▲ [WARNING] Duplicate member "notes" in class body [duplicate-class-member]

    src/app/components/note-list/note-list.component.ts:50:4:
      50 │     notes = [];
         ╵     ~~~~~

  The original member "notes" is here:

    src/app/components/note-list/note-list.component.ts:47:4:
      47 │     notes = [];
         ╵     ~~~~~


▲ [WARNING] Duplicate member "filteredNotes" in class body [duplicate-class-member]

    src/app/components/note-list/note-list.component.ts:51:4:
      51 │     filteredNotes = [];
         ╵     ~~~~~~~~~~~~~

  The original member "filteredNotes" is here:

    src/app/components/note-list/note-list.component.ts:48:4:
      48 │     filteredNotes = [];
         ╵     ~~~~~~~~~~~~~


▲ [WARNING] Duplicate member "searchQuery" in class body [duplicate-class-member]

    src/app/components/note-list/note-list.component.ts:52:4:
      52 │     searchQuery = '';
         ╵     ~~~~~~~~~~~

  The original member "searchQuery" is here:

    src/app/components/note-list/note-list.component.ts:49:4:
      49 │     searchQuery = '';
         ╵     ~~~~~~~~~~~


▲ [WARNING] Duplicate member "notes" in class body [duplicate-class-member]

    src/app/components/note-list/note-list.component.ts:50:4:
      50 │     notes = [];
         ╵     ~~~~~

  The original member "notes" is here:

    src/app/components/note-list/note-list.component.ts:47:4:
      47 │     notes = [];
         ╵     ~~~~~


▲ [WARNING] Duplicate member "filteredNotes" in class body [duplicate-class-member]

    src/app/components/note-list/note-list.component.ts:51:4:
      51 │     filteredNotes = [];
         ╵     ~~~~~~~~~~~~~

  The original member "filteredNotes" is here:

    src/app/components/note-list/note-list.component.ts:48:4:
      48 │     filteredNotes = [];
         ╵     ~~~~~~~~~~~~~


▲ [WARNING] Duplicate member "searchQuery" in class body [duplicate-class-member]

    src/app/components/note-list/note-list.component.ts:52:4:
      52 │     searchQuery = '';
         ╵     ~~~~~~~~~~~

  The original member "searchQuery" is here:

    src/app/components/note-list/note-list.component.ts:49:4:
      49 │     searchQuery = '';
         ╵     ~~~~~~~~~~~


✘ [ERROR] TS2339: Property 'dialogService' does not exist on type 'NoteEditorComponent'. [plugin angular-compiler]

    src/app/components/note-editor/note-editor.component.ts:113:11:
      113 │       this.dialogService.alert('Please fill in both title and con...
          ╵            ~~~~~~~~~~~~~


✘ [ERROR] TS2339: Property 'dialogService' does not exist on type 'NoteEditorComponent'. [plugin angular-compiler]

    src/app/components/note-editor/note-editor.component.ts:126:11:
      126 │       this.dialogService.alert('Failed to save note. Please try a...
          ╵            ~~~~~~~~~~~~~


✘ [ERROR] TS2300: Duplicate identifier 'notes'. [plugin angular-compiler]

    src/app/components/note-list/note-list.component.ts:49:2:
      49 │   notes: Note[] = [];
         ╵   ~~~~~


✘ [ERROR] TS2300: Duplicate identifier 'filteredNotes'. [plugin angular-compiler]

    src/app/components/note-list/note-list.component.ts:50:2:
      50 │   filteredNotes: Note[] = [];
         ╵   ~~~~~~~~~~~~~


✘ [ERROR] TS2300: Duplicate identifier 'searchQuery'. [plugin angular-compiler]

    src/app/components/note-list/note-list.component.ts:51:2:
      51 │   searchQuery: string = '';
         ╵   ~~~~~~~~~~~


